13:32:01 **** Incremental Build of configuration Debug for project interr ****
make -j7 all 
arm-none-eabi-gcc "../Core/Src/main.c" -mcpu=cortex-m4 -std=gnu11 -g3 -DDEBUG -DUSE_HAL_DRIVER -DSTM32L476xx -c -I../Core/Inc -I../Drivers/STM32L4xx_HAL_Driver/Inc -I../Drivers/STM32L4xx_HAL_Driver/Inc/Legacy -I../Drivers/CMSIS/Device/ST/STM32L4xx/Include -I../Drivers/CMSIS/Include -O0 -ffunction-sections -fdata-sections -Wall -fstack-usage -fcyclomatic-complexity -MMD -MP -MF"Core/Src/main.d" -MT"Core/Src/main.o" --specs=nano.specs -mfpu=fpv4-sp-d16 -mfloat-abi=hard -mthumb -o "Core/Src/main.o"
arm-none-eabi-gcc -o "interr.elf" @"objects.list"   -mcpu=cortex-m4 -T"/Users/robert/Desktop/STM32/interr/STM32L476RGTX_FLASH.ld" --specs=nosys.specs -Wl,-Map="interr.map" -Wl,--gc-sections -static --specs=nano.specs -mfpu=fpv4-sp-d16 -mfloat-abi=hard -mthumb -Wl,--start-group -lc -lm -Wl,--end-group
Finished building target: interr.elf
 
arm-none-eabi-size  interr.elf 
arm-none-eabi-objdump -h -S interr.elf  > "interr.list"
   text	   data	    bss	    dec	    hex	filename
  12936	     20	   1708	  14664	   3948	interr.elf
Finished building: default.size.stdout
 
Finished building: interr.list
 
13:32:17 **** Incremental Build of configuration Debug for project interr ****
make -j7 all 
arm-none-eabi-size  interr.elf 
   text	   data	    bss	    dec	    hex	filename
  12936	     20	   1708	  14664	   3948	interr.elf
Finished building: default.size.stdout
 
13:33:33 **** Incremental Build of configuration Debug for project interr ****
make -j7 all 
arm-none-eabi-size  interr.elf 
   text	   data	    bss	    dec	    hex	filename
  12936	     20	   1708	  14664	   3948	interr.elf
Finished building: default.size.stdout
 
